INFO:background_worker:BackgroundWorker initialized with 4 workers.
INFO:database:MockDatabase initialized with pool size 10
/home/team/shared/priority-flow/backend/gemini_provider.py:3: FutureWarning: 

All support for the `google.generativeai` package has ended. It will no longer be receiving 
updates or bug fixes. Please switch to the `google.genai` package as soon as possible.
See README for more details:

https://github.com/google-gemini/deprecated-generative-ai-python/blob/main/README.md

  import google.generativeai as genai
INFO:database:Database cleared.
/home/team/shared/priority-flow/backend/auth/jwt_handler.py:19: DeprecationWarning: datetime.datetime.utcnow() is deprecated and scheduled for removal in a future version. Use timezone-aware objects to represent datetimes in UTC: datetime.datetime.now(datetime.UTC).
  expire = datetime.utcnow() + timedelta(minutes=ACCESS_TOKEN_EXPIRE_MINUTES)
/home/team/shared/priority-flow/backend/main.py:117: DeprecationWarning: datetime.datetime.utcnow() is deprecated and scheduled for removal in a future version. Use timezone-aware objects to represent datetimes in UTC: datetime.datetime.now(datetime.UTC).
  "timestamp": datetime.datetime.utcnow().isoformat(),
INFO:priorityflow:{"request_id": "44b60422-315e-4dac-9b63-4ba93ce86acc", "timestamp": "2026-06-29T07:53:57.432634", "method": "POST", "path": "/auth/login", "status_code": 403, "latency_ms": 2.1352767944335938, "client": "testclient"}
WARNING:priorityflow:SECURITY_ANOMALY: Unauthorized access attempt to /auth/login from testclient
INFO:httpx:HTTP Request: POST http://testserver/auth/login "HTTP/1.1 403 Forbidden"
/home/team/shared/priority-flow/backend/auth/jwt_handler.py:38: DeprecationWarning: datetime.datetime.utcnow() is deprecated and scheduled for removal in a future version. Use timezone-aware objects to represent datetimes in UTC: datetime.datetime.now(datetime.UTC).
  if decoded_token["exp"] < datetime.utcnow().timestamp():
INFO:database:Audit Log: admin_unlock_user by u-1
INFO:priorityflow:{"request_id": "d5c705f1-6998-467a-b086-ffad255e2019", "timestamp": "2026-06-29T07:53:57.435511", "method": "POST", "path": "/auth/admin/unlock/u-2", "status_code": 200, "latency_ms": 1.0035037994384766, "client": "testclient"}
INFO:httpx:HTTP Request: POST http://testserver/auth/admin/unlock/u-2 "HTTP/1.1 200 OK"
/home/team/shared/priority-flow/backend/auth/jwt_handler.py:29: DeprecationWarning: datetime.datetime.utcnow() is deprecated and scheduled for removal in a future version. Use timezone-aware objects to represent datetimes in UTC: datetime.datetime.now(datetime.UTC).
  expire = datetime.utcnow() + timedelta(days=REFRESH_TOKEN_EXPIRE_DAYS)
INFO:priorityflow:{"request_id": "ecbd3ee4-16c3-4dc5-a46e-987ba829aabb", "timestamp": "2026-06-29T07:53:57.682569", "method": "POST", "path": "/auth/login", "status_code": 200, "latency_ms": 245.78142166137695, "client": "testclient"}
INFO:httpx:HTTP Request: POST http://testserver/auth/login "HTTP/1.1 200 OK"
.INFO:database:Database cleared.
INFO:priorityflow:{"request_id": "46963061-c613-409b-89a7-f14ae4590a75", "timestamp": "2026-06-29T07:53:57.940841", "method": "POST", "path": "/auth/login", "status_code": 401, "latency_ms": 244.22907829284668, "client": "testclient"}
WARNING:priorityflow:SECURITY_ANOMALY: Unauthorized access attempt to /auth/login from testclient
INFO:httpx:HTTP Request: POST http://testserver/auth/login "HTTP/1.1 401 Unauthorized"
INFO:priorityflow:{"request_id": "19887a52-67d3-44f0-ba2c-9feaacb64b10", "timestamp": "2026-06-29T07:53:58.189494", "method": "POST", "path": "/auth/login", "status_code": 401, "latency_ms": 245.819091796875, "client": "testclient"}
WARNING:priorityflow:SECURITY_ANOMALY: Unauthorized access attempt to /auth/login from testclient
INFO:httpx:HTTP Request: POST http://testserver/auth/login "HTTP/1.1 401 Unauthorized"
INFO:priorityflow:{"request_id": "5b44a4dd-093c-44f0-8861-b4d6b9599d6c", "timestamp": "2026-06-29T07:53:58.435510", "method": "POST", "path": "/auth/login", "status_code": 401, "latency_ms": 243.01743507385254, "client": "testclient"}
WARNING:priorityflow:SECURITY_ANOMALY: Unauthorized access attempt to /auth/login from testclient
INFO:httpx:HTTP Request: POST http://testserver/auth/login "HTTP/1.1 401 Unauthorized"
INFO:priorityflow:{"request_id": "eac3638d-6a4f-4790-8753-dea78cd996e1", "timestamp": "2026-06-29T07:53:58.684174", "method": "POST", "path": "/auth/login", "status_code": 401, "latency_ms": 246.41704559326172, "client": "testclient"}
WARNING:priorityflow:SECURITY_ANOMALY: Unauthorized access attempt to /auth/login from testclient
INFO:httpx:HTTP Request: POST http://testserver/auth/login "HTTP/1.1 401 Unauthorized"
INFO:database:Audit Log: account_lockout by u-2
INFO:priorityflow:{"request_id": "0ae1441f-e1ad-45bb-af48-353a6dca830e", "timestamp": "2026-06-29T07:53:58.931917", "method": "POST", "path": "/auth/login", "status_code": 401, "latency_ms": 245.77593803405762, "client": "testclient"}
WARNING:priorityflow:SECURITY_ANOMALY: Unauthorized access attempt to /auth/login from testclient
INFO:httpx:HTTP Request: POST http://testserver/auth/login "HTTP/1.1 401 Unauthorized"
INFO:priorityflow:{"request_id": "ae87bd5b-71e7-4fa3-ae79-ba5f47310007", "timestamp": "2026-06-29T07:53:58.935782", "method": "POST", "path": "/auth/login", "status_code": 403, "latency_ms": 1.1987686157226562, "client": "testclient"}
WARNING:priorityflow:SECURITY_ANOMALY: Unauthorized access attempt to /auth/login from testclient
INFO:httpx:HTTP Request: POST http://testserver/auth/login "HTTP/1.1 403 Forbidden"
INFO:priorityflow:{"request_id": "49b9853e-3025-4f37-b282-94db489d3e48", "timestamp": "2026-06-29T07:53:58.939551", "method": "POST", "path": "/auth/login", "status_code": 403, "latency_ms": 1.4410018920898438, "client": "testclient"}
WARNING:priorityflow:SECURITY_ANOMALY: Unauthorized access attempt to /auth/login from testclient
INFO:httpx:HTTP Request: POST http://testserver/auth/login "HTTP/1.1 403 Forbidden"
.INFO:database:Database cleared.
ERROR:priorityflow:TENANT_LEAK_ATTEMPT: Attempt to access item item-b across tenant boundaries
INFO:priorityflow:{"request_id": "4c54dcca-d152-421e-8545-acd7baff473d", "timestamp": "2026-06-29T07:53:58.959460", "method": "POST", "path": "/items/item-b/archive", "status_code": 403, "latency_ms": 6.528139114379883, "client": "testclient"}
WARNING:priorityflow:SECURITY_ANOMALY: Unauthorized access attempt to /items/item-b/archive from testclient
INFO:httpx:HTTP Request: POST http://testserver/items/item-b/archive "HTTP/1.1 403 Forbidden"
.INFO:database:Database cleared.
.INFO:database:Database cleared.
INFO:database:Audit Log: connect_integration by u-2
INFO:priorityflow:{"request_id": "2f2feab6-f43c-45a0-a852-46d9c74522bf", "timestamp": "2026-06-29T07:53:58.987639", "method": "POST", "path": "/integrations/slack/connect", "status_code": 200, "latency_ms": 2.712726593017578, "client": "testclient"}
INFO:httpx:HTTP Request: POST http://testserver/integrations/slack/connect "HTTP/1.1 200 OK"
.INFO:database:Database cleared.
INFO:priorityflow:{"request_id": "5fc16891-ad81-4d97-9320-49037d6b577a", "timestamp": "2026-06-29T07:53:59.246823", "method": "POST", "path": "/auth/login", "status_code": 401, "latency_ms": 245.74732780456543, "client": "testclient"}
WARNING:priorityflow:SECURITY_ANOMALY: Unauthorized access attempt to /auth/login from testclient
INFO:httpx:HTTP Request: POST http://testserver/auth/login "HTTP/1.1 401 Unauthorized"
INFO:priorityflow:{"request_id": "2a3e64ee-b27f-409d-99b8-031c663fad71", "timestamp": "2026-06-29T07:53:59.496691", "method": "POST", "path": "/auth/login", "status_code": 401, "latency_ms": 247.05100059509277, "client": "testclient"}
WARNING:priorityflow:SECURITY_ANOMALY: Unauthorized access attempt to /auth/login from testclient
INFO:httpx:HTTP Request: POST http://testserver/auth/login "HTTP/1.1 401 Unauthorized"
INFO:priorityflow:{"request_id": "6a8d51f5-faa7-4538-8672-37b4829fa955", "timestamp": "2026-06-29T07:53:59.748862", "method": "POST", "path": "/auth/login", "status_code": 401, "latency_ms": 249.3765354156494, "client": "testclient"}
WARNING:priorityflow:SECURITY_ANOMALY: Unauthorized access attempt to /auth/login from testclient
INFO:httpx:HTTP Request: POST http://testserver/auth/login "HTTP/1.1 401 Unauthorized"
INFO:priorityflow:{"request_id": "ab5a4949-bba1-49ff-8a9a-e38b6d9b8af6", "timestamp": "2026-06-29T07:53:59.997993", "method": "POST", "path": "/auth/login", "status_code": 200, "latency_ms": 246.21987342834473, "client": "testclient"}
INFO:httpx:HTTP Request: POST http://testserver/auth/login "HTTP/1.1 200 OK"
.INFO:database:Database cleared.
INFO:priorityflow:{"request_id": "3ce449c6-d18f-4433-838e-67b8a25950e9", "timestamp": "2026-06-29T07:54:00.018620", "method": "GET", "path": "/priorities/feed", "status_code": 200, "latency_ms": 6.610631942749023, "client": "testclient"}
INFO:httpx:HTTP Request: GET http://testserver/priorities/feed "HTTP/1.1 200 OK"
.
----------------------------------------------------------------------
Ran 7 tests in 2.608s

OK
